[    5400ms] [INFO] %cDownload the React DevTools for a better development experience: https://react.dev/link/react-devtools font-weight:bold @ http://localhost:3000/_next/static/chunks/node_modules_next_dist_115brz8._.js:2431
[    5420ms] [LOG] [HMR] connected @ http://localhost:3000/_next/static/chunks/node_modules_next_dist_115brz8._.js:2431
[    5684ms] [LOG] [Fast Refresh] rebuilding @ http://localhost:3000/_next/static/chunks/node_modules_next_dist_115brz8._.js:2431
[    6126ms] [ERROR] Failed to load resource: the server responded with a status of 404 (Not Found) @ http://localhost:3000/rules?_rsc=z32lb:0
[    6192ms] [LOG] [Fast Refresh] done in 609ms @ http://localhost:3000/_next/static/chunks/node_modules_next_dist_115brz8._.js:2431
[    6203ms] [ERROR] Failed to load resource: the server responded with a status of 404 (Not Found) @ http://localhost:3000/rules:0
[    6250ms] [INFO] %cDownload the React DevTools for a better development experience: https://react.dev/link/react-devtools font-weight:bold @ http://localhost:3000/_next/static/chunks/node_modules_next_dist_115brz8._.js:2431
[    6268ms] [LOG] [HMR] connected @ http://localhost:3000/_next/static/chunks/node_modules_next_dist_115brz8._.js:2431
[   94898ms] [LOG] [Fast Refresh] rebuilding @ http://localhost:3000/_next/static/chunks/node_modules_next_dist_115brz8._.js:2431
[   96489ms] [LOG] [Fast Refresh] done in 1692ms @ http://localhost:3000/_next/static/chunks/node_modules_next_dist_115brz8._.js:2431
[   96591ms] [LOG] [Fast Refresh] rebuilding @ http://localhost:3000/_next/static/chunks/node_modules_next_dist_115brz8._.js:2431
[   96785ms] [LOG] [Fast Refresh] done in 296ms @ http://localhost:3000/_next/static/chunks/node_modules_next_dist_115brz8._.js:2431
[   96788ms] [ERROR] Failed to load resource: the server responded with a status of 500 (Internal Server Error) @ http://localhost:3000/app/campaigns:0
[   96830ms] [ERROR] Failed to load resource: the server responded with a status of 404 (Not Found) @ http://localhost:3000/_next/static/development/_buildManifest.js:0
[   96830ms] [ERROR] Refused to execute script from 'http://localhost:3000/_next/static/development/_buildManifest.js' because its MIME type ('text/plain') is not executable, and strict MIME type checking is enabled. @ http://localhost:3000/app/campaigns:0
[   96832ms] [ERROR] Refused to execute script from 'http://localhost:3000/_next/static/development/_clientMiddlewareManifest.js' because its MIME type ('application/json') is not executable, and strict MIME type checking is enabled. @ http://localhost:3000/app/campaigns:0
[   96834ms] [ERROR] Failed to load resource: the server responded with a status of 404 (Not Found) @ http://localhost:3000/_next/static/development/_ssgManifest.js:0
[   96834ms] [ERROR] Refused to execute script from 'http://localhost:3000/_next/static/development/_ssgManifest.js' because its MIME type ('text/plain') is not executable, and strict MIME type checking is enabled. @ http://localhost:3000/app/campaigns:0
[   96866ms] [INFO] %cDownload the React DevTools for a better development experience: https://react.dev/link/react-devtools font-weight:bold @ http://localhost:3000/_next/static/chunks/node_modules_react-dom_0bruynb._.js:15305
[   96913ms] Error: ENOENT: no such file or directory, open '/Users/axel/Documents/Preflight/.next/dev/static/development/_buildManifest.js.tmp.e1ggtx86utd'
    at writeFileSync (node:fs:2413:20)
    at writeFileAtomic (file:///Users/axel/Documents/Preflight/node_modules/next/dist/lib/fs/write-atomic.js:16:31)
    at TurbopackManifestLoader.writeClientBuildManifest (file:///Users/axel/Documents/Preflight/node_modules/next/dist/shared/lib/turbopack/manifest-loader.js:300:42)
    at TurbopackManifestLoader.writeManifests (file:///Users/axel/Documents/Preflight/node_modules/next/dist/shared/lib/turbopack/manifest-loader.js:474:39)
    at handlePagesErrorRoute (file:///Users/axel/Documents/Preflight/node_modules/next/dist/server/dev/turbopack-utils.js:653:20)
    at async (file:///Users/axel/Documents/Preflight/node_modules/next/dist/server/dev/hot-reloader-turbopack.js:1263:25)
    at async Span.traceAsyncFn (file:///Users/axel/Documents/Preflight/node_modules/next/dist/trace/trace.js:164:20)
    at async DevBundlerService.ensurePage (file:///Users/axel/Documents/Preflight/node_modules/next/dist/server/lib/dev-bundler-service.js:20:20)
    at async DevServer.ensurePage (file:///Users/axel/Documents/Preflight/node_modules/next/dist/server/dev/next-dev-server.js:684:9)
    at async DevServer.findPageComponents (file:///Users/axel/Documents/Preflight/node_modules/next/dist/server/dev/next-dev-server.js:695:13)
    at async DevServer.renderErrorToResponseImpl (file:///Users/axel/Documents/Preflight/node_modules/next/dist/server/base-server.js:1745:26)
    at async pipe.req.req (file:///Users/axel/Documents/Preflight/node_modules/next/dist/server/base-server.js:1652:30)
    at async DevServer.pipeImpl (file:///Users/axel/Documents/Preflight/node_modules/next/dist/server/base-server.js:1043:25)
    at async NextNodeServer.handleCatchallRenderRequest (file:///Users/axel/Documents/Preflight/node_modules/next/dist/server/next-server.js:353:21)
    at async DevServer.handleRequestImpl (file:///Users/axel/Documents/Preflight/node_modules/next/dist/server/base-server.js:934:17)
    at async (file:///Users/axel/Documents/Preflight/node_modules/next/dist/server/dev/next-dev-server.js:394:20)
    at async Span.traceAsyncFn (file:///Users/axel/Documents/Preflight/node_modules/next/dist/trace/trace.js:164:20)
    at async DevServer.handleRequest (file:///Users/axel/Documents/Preflight/node_modules/next/dist/server/dev/next-dev-server.js:390:24)
    at async invokeRender (file:///Users/axel/Documents/Preflight/node_modules/next/dist/server/lib/router-server.js:266:21)
    at async handleRequest (file:///Users/axel/Documents/Preflight/node_modules/next/dist/server/lib/router-server.js:465:24)
    at async requestHandlerImpl (file:///Users/axel/Documents/Preflight/node_modules/next/dist/server/lib/router-server.js:514:13)
    at async Server.requestListener (file:///Users/axel/Documents/Preflight/node_modules/next/dist/server/lib/start-server.js:225:13)
[   96914ms] [LOG] [HMR] connected @ http://localhost:3000/_next/static/chunks/node_modules_next_dist_0u_w_5s._.js:1226
[  179900ms] [ERROR] WebSocket connection to 'ws://localhost:3000/_next/webpack-hmr' failed: Error in connection establishment: net::ERR_CONNECTION_REFUSED @ http://localhost:3000/_next/static/chunks/node_modules_next_dist_client_0pe1dg-._.js:2342
[  180902ms] [ERROR] WebSocket connection to 'ws://localhost:3000/_next/webpack-hmr' failed: Error in connection establishment: net::ERR_CONNECTION_REFUSED @ http://localhost:3000/_next/static/chunks/node_modules_next_dist_client_0pe1dg-._.js:2342
[  181903ms] [ERROR] WebSocket connection to 'ws://localhost:3000/_next/webpack-hmr' failed: Error in connection establishment: net::ERR_CONNECTION_REFUSED @ http://localhost:3000/_next/static/chunks/node_modules_next_dist_client_0pe1dg-._.js:2342
[  182905ms] [ERROR] WebSocket connection to 'ws://localhost:3000/_next/webpack-hmr' failed: Error in connection establishment: net::ERR_CONNECTION_REFUSED @ http://localhost:3000/_next/static/chunks/node_modules_next_dist_client_0pe1dg-._.js:2342
[  183906ms] [ERROR] WebSocket connection to 'ws://localhost:3000/_next/webpack-hmr' failed: Error in connection establishment: net::ERR_CONNECTION_REFUSED @ http://localhost:3000/_next/static/chunks/node_modules_next_dist_client_0pe1dg-._.js:2342
[  188908ms] [ERROR] WebSocket connection to 'ws://localhost:3000/_next/webpack-hmr' failed: Error in connection establishment: net::ERR_CONNECTION_REFUSED @ http://localhost:3000/_next/static/chunks/node_modules_next_dist_client_0pe1dg-._.js:2342
[  193912ms] [ERROR] WebSocket connection to 'ws://localhost:3000/_next/webpack-hmr' failed: Error in connection establishment: net::ERR_CONNECTION_REFUSED @ http://localhost:3000/_next/static/chunks/node_modules_next_dist_client_0pe1dg-._.js:2342
[  198918ms] [LOG] [HMR] connected @ http://localhost:3000/_next/static/chunks/node_modules_next_dist_0u_w_5s._.js:1226
[  204514ms] [INFO] %cDownload the React DevTools for a better development experience: https://react.dev/link/react-devtools font-weight:bold @ http://localhost:3000/_next/static/chunks/node_modules_next_dist_115brz8._.js:2431
[  204573ms] [LOG] [HMR] connected @ http://localhost:3000/_next/static/chunks/node_modules_next_dist_115brz8._.js:2431
[  204841ms] [LOG] [Fast Refresh] rebuilding @ http://localhost:3000/_next/static/chunks/node_modules_next_dist_115brz8._.js:2431
[  205151ms] [ERROR] Failed to load resource: the server responded with a status of 404 (Not Found) @ http://localhost:3000/rules?_rsc=z32lb:0
[  205198ms] [LOG] [Fast Refresh] done in 458ms @ http://localhost:3000/_next/static/chunks/node_modules_next_dist_115brz8._.js:2431
[  205204ms] [ERROR] Failed to load resource: the server responded with a status of 404 (Not Found) @ http://localhost:3000/rules:0
[  205252ms] [INFO] %cDownload the React DevTools for a better development experience: https://react.dev/link/react-devtools font-weight:bold @ http://localhost:3000/_next/static/chunks/node_modules_next_dist_115brz8._.js:2431
[  205269ms] [LOG] [HMR] connected @ http://localhost:3000/_next/static/chunks/node_modules_next_dist_115brz8._.js:2431
[  283116ms] [ERROR] WebSocket connection to 'ws://localhost:3000/_next/webpack-hmr?id=SfPAWhSAGMCfj3di0OMSm' failed: Error in connection establishment: net::ERR_CONNECTION_REFUSED @ http://localhost:3000/_next/static/chunks/node_modules_next_dist_client_0fhqo1d._.js:13299
[  284118ms] [ERROR] WebSocket connection to 'ws://localhost:3000/_next/webpack-hmr?id=SfPAWhSAGMCfj3di0OMSm' failed: Error in connection establishment: net::ERR_CONNECTION_REFUSED @ http://localhost:3000/_next/static/chunks/node_modules_next_dist_client_0fhqo1d._.js:13299
[  285120ms] [ERROR] WebSocket connection to 'ws://localhost:3000/_next/webpack-hmr?id=SfPAWhSAGMCfj3di0OMSm' failed: Error in connection establishment: net::ERR_CONNECTION_REFUSED @ http://localhost:3000/_next/static/chunks/node_modules_next_dist_client_0fhqo1d._.js:13299
[  286123ms] [ERROR] WebSocket connection to 'ws://localhost:3000/_next/webpack-hmr?id=SfPAWhSAGMCfj3di0OMSm' failed: Error in connection establishment: net::ERR_CONNECTION_REFUSED @ http://localhost:3000/_next/static/chunks/node_modules_next_dist_client_0fhqo1d._.js:13299
[  287125ms] [ERROR] WebSocket connection to 'ws://localhost:3000/_next/webpack-hmr?id=SfPAWhSAGMCfj3di0OMSm' failed: Error in connection establishment: net::ERR_CONNECTION_REFUSED @ http://localhost:3000/_next/static/chunks/node_modules_next_dist_client_0fhqo1d._.js:13299
[  292128ms] [ERROR] WebSocket connection to 'ws://localhost:3000/_next/webpack-hmr?id=SfPAWhSAGMCfj3di0OMSm' failed: Error in connection establishment: net::ERR_CONNECTION_REFUSED @ http://localhost:3000/_next/static/chunks/node_modules_next_dist_client_0fhqo1d._.js:13299
